exports[`test Android renders correctly 1`] = `
<View
  style={
    Object {
      "flex": 1,
    }
  }>
  <View
    style={
      Object {
        "flex": 1,
      }
    }>
    <Text
      accessible={true}
      allowFontScaling={true}
      ellipsizeMode="tail">
      Loading
    </Text>
    <View />
  </View>
</View>
`;

exports[`test Ios renders correctly 1`] = `
<View
  style={
    Object {
      "flex": 1,
    }
  }>
  <View
    style={
      Object {
        "flex": 1,
      }
    }>
    <Text
      accessible={true}
      allowFontScaling={true}
      ellipsizeMode="tail">
      Loading
    </Text>
    <View />
  </View>
</View>
`;
